2019-10-07 01:35:38 [KiraraSubtasia] Gochuumon wa Usagi desu ka - Sing For You (1080p).mkv
2019-10-08 01:01:38 [HorribleSubs] Sounan desu ka - 12 [1080p].mkv
2019-10-09 01:43:49 [PAS] Carole & Tuesday - 24 (WEB 720p AAC) [C0D5853F].mkv
2019-10-10 01:02:29 [HorribleSubs] Watashi, Nouryoku wa Heikinchi de tte Itta yo ne! - 01 [1080p].mkv
2019-10-11 01:24:56 blackfox.mkv 1 (22:44)
2019-10-12 02:18:15 [HorribleSubs] Null Peta - 01 [1080p].mkv
2019-10-12 02:25:34 [HorribleSubs] ZX - Code Reunion - 01 [1080p].mkv

2019-10-13 01:12:10 [HorribleSubs] Houkago Saikoro Club - 01 [1080p].mkv
2019-10-14 01:08:58 blackfox.mkv 2 (40:25)
2019-10-15 01:21:55 [HorribleSubs] Azur Lane - 01 [1080p].mkv
2019-10-18 01:05:48 [WetGirls] Kandagawa Jet Girls - 01 (Uncensored) [D814FB27].mkv
2019-10-19 02:43:17 Tenka Hyakken Meiji-kan e Youkoso! - 01.mkv
2019-10-19 02:47:25 [HorribleSubs] Null Peta - 02 [1080p].mkv
2019-10-19 02:53:44 [AtlasSubbed] Mini Yuri - 02.mkv
2019-10-19 03:00:39 [AtlasSubbed] Mini Yuri - 03.mkv
2019-10-20 01:25:42 [WetGirls] Kandagawa Jet Girls - 02 (Uncensored) [22E179D1].mkv
2019-10-21 00:59:17 [HorribleSubs] Azur Lane - 02 [1080p].mkv
2019-10-22 01:08:00 [HorribleSubs] ZX - Code Reunion - 02 [1080p].mkv
2019-10-23 01:11:53 [HorribleSubs] Null Peta - 03 [1080p].mkv
2019-10-23 01:18:11 [HorribleSubs] Azur Lane - 03 [1080p].mkv
2019-10-24 00:59:53 [HorribleSubs] Watashi, Nouryoku wa Heikinchi de tte Itta yo ne! - 02 [1080p].mkv
2019-10-25 01:27:25 [LNS] Sora no Method 14 [BD 1080p FLAC][1A473829].mkv
2019-10-26 02:12:46 [HorribleSubs] Rifle is Beautiful - 01 [1080p].mkv
2019-10-27 00:55:20 [AtlasSubbed] Mini Yuri - 04.mkv
2019-10-27 01:03:10 [HorribleSubs] Rifle is Beautiful - 02 [1080p].mkv
2019-10-28 01:14:41 [HorribleSubs] ZX - Code Reunion - 03 [1080p].mkv
2019-10-29 01:05:57 [Waku] Sora no Method - 17 [1080p] [A5101C40].mkv
2019-10-30 01:09:43 [HorribleSubs] Houkago Saikoro Club - 02 [1080p].mkv
2019-10-31 01:00:11 [HorribleSubs] Houkago Saikoro Club - 03 [1080p].mkv
2019-11-01 01:14:22 [WetGirls] Kandagawa Jet Girls - 03 (Uncensored) [B270FA2E].mkv
2019-11-02 02:11:35 blackfox 3.mkv (1h)
2019-11-02 02:07:20 Tenka Hyakken Meiji-kan e Youkoso! - 02.mkv
2019-11-03 01:12:13 [HorribleSubs] Azur Lane - 04 [1080p].mkv
2019-11-04 01:14:02 [HorribleSubs] Azur Lane - 05 [1080p].mkv
2019-11-05 01:16:38 blackfox 4.mkv (end)
2019-11-06 01:07:28 [HorribleSubs] ZX - Code Reunion - 04 [1080p].mkv
2019-11-07 01:00:32 [HorribleSubs] Null Peta - 04 [1080p].mkv
2019-11-07 01:06:19 Tenka Hyakken Meiji-kan e Youkoso! - 03.mkv
2019-11-07 01:09:59 [HorribleSubs] Houkago Saikoro Club - 04 [1080p].mkv
2019-11-08 01:13:30 [HorribleSubs] Null Peta - 05 [1080p].mkv
2019-11-08 01:20:17 [HorribleSubs] Watashi, Nouryoku wa Heikinchi de tte Itta yo ne! - 03 [1080p].mkv
2019-11-09 02:12:56 [Erai-raws] Kandagawa Jet Girls - 04 (Uncut) [1080p].mkv
2019-11-10 01:23:29 [HorribleSubs] Null Peta - 06 [1080p].mkv
2019-11-10 01:30:06 [HorribleSubs] ZX - Code Reunion - 05 [1080p].mkv
2019-11-11 01:18:14 [HorribleSubs] Watashi, Nouryoku wa Heikinchi de tte Itta yo ne! - 04 [1080p].mkv
2019-11-12 01:21:57 [HorribleSubs] Houkago Saikoro Club - 05 [1080p].mkv
2019-11-13 01:18:13 [Erai-raws] Kandagawa Jet Girls - 04.5 (Uncut) [1080p].mkv
2019-11-14 01:15:46 [HorribleSubs] Rifle is Beautiful - 03 [1080p].mkv
2019-11-15 01:25:36 [HorribleSubs] Watashi, Nouryoku wa Heikinchi de tte Itta yo ne! - 05 [1080p].mkv
2019-11-16 02:40:33 [HorribleSubs] ZX - Code Reunion - 06 [1080p].mkv
2019-11-17 01:10:21 Tenka Hyakken Meiji-kan e Youkoso - 04.mkv
2019-11-17 01:14:25 [HorribleSubs] Azur Lane - 06 [1080p].mkv
2019-11-18 01:14:01 Tenka Hyakken Meiji-kan e Youkoso! - 05.mkv
2019-11-18 01:19:43 [HorribleSubs] Houkago Saikoro Club - 06 [1080p].mkv
2019-11-19 01:10:50 [HorribleSubs] Watashi, Nouryoku wa Heikinchi de tte Itta yo ne! - 06 [1080p].mkv
2019-11-20 01:08:29 [HorribleSubs] Rifle is Beautiful - 04 [1080p].mkv
2019-11-21 01:18:14 [HorribleSubs] Houkago Saikoro Club - 07 [1080p].mkv
2019-11-22 01:30:59 [HorribleSubs] Rifle is Beautiful - 05 [1080p].mkv
2019-11-23 02:58:38 [HorribleSubs] Watashi, Nouryoku wa Heikinchi de tte Itta yo ne! - 07 [1080p].mkv
2019-11-24 01:12:33 [Lazy Lily] Yuru Yuri Ten OVA [2x Subs][1080p][Public Raw][645C722F].mkv
2019-11-25 01:27:17 [HorribleSubs] Rifle is Beautiful - 06 [1080p].mkv
2019-11-26 03:07:13 [HorribleSubs] Azur Lane - 07 [1080p].mkv
2019-11-27 02:11:25 [HorribleSubs] Watashi, Nouryoku wa Heikinchi de tte Itta yo ne! - 08 [1080p].mkv
2019-11-28 02:46:42 [HorribleSubs] ZX - Code Reunion - 07 [1080p].mkv
2019-11-29 02:34:32 [HorribleSubs] Houkago Saikoro Club - 08 [1080p].mkv
2019-12-04 01:22:37 [HorribleSubs] Rifle is Beautiful - 07 [1080p].mkv
2019-12-05 01:17:53 [HorribleSubs] Watashi, Nouryoku wa Heikinchi de tte Itta yo ne! - 09 [1080p].mkv
2019-12-06 01:03:17 [Erai-raws] Rifle Is Beautiful - 07.5 [1080p].mkv
2019-12-07 03:28:18 Tenka Hyakken Meiji-kan e Youkoso - 06.mkv
2019-12-07 03:34:04 [HorribleSubs] Null Peta - 07 [1080p].mkv
2019-12-07 03:40:45 [HorribleSubs] Null Peta - 08 [1080p].mkv
2019-12-08 01:16:50 [HorribleSubs] Null Peta - 09 [1080p].mkv
2019-12-08 01:24:25 [HorribleSubs] Houkago Saikoro Club - 09 [1080p].mkv
2019-12-09 01:02:31 [Erai-raws] Kandagawa Jet Girls - 05 (Uncut) [1080p].mkv
2019-12-10 01:03:03 Tenka Hyakken Meiji-kan e Youkoso! - 07.mkv
2019-12-10 01:07:15 Tenka Hyakken Meiji-kan e Youkoso! - 08.mkv
2019-12-10 01:10:57 [HorribleSubs] Azur Lane - 08 [1080p].mkv
2019-12-11 01:19:03 [Erai-raws] Kandagawa Jet Girls - 06 (Uncut) [1080p].mkv
2019-12-12 01:19:21 [HorribleSubs] Null Peta - 10 [1080p].mkv
2019-12-12 01:25:52 [HorribleSubs] Watashi, Nouryoku wa Heikinchi de tte Itta yo ne! - 10 [1080p].mkv
2019-12-13 01:26:40 [HorribleSubs] Rifle is Beautiful - 08 [1080p].mkv
2019-12-14 02:33:05 [HorribleSubs] Houkago Saikoro Club - 10 [1080p].mkv
2019-12-15 01:08:36 [HorribleSubs] ZX - Code Reunion - 08 [1080p].mkv
2019-12-16 01:22:50 [Erai-raws] Kandagawa Jet Girls - 07 (Uncut) [1080p].mkv
2019-12-17 01:11:34 [HorribleSubs] Azur Lane - 09 [1080p].mkv
2019-12-18 00:59:59 [HorribleSubs] Houkago Saikoro Club - 11 [1080p].mkv
2019-12-19 01:15:55 [HorribleSubs] Null Peta - 11 [1080p].mkv
2019-12-19 01:23:35 [HorribleSubs] Azur Lane - 10 [1080p].mkv
2019-12-20 01:08:00 [HorribleSubs] Rifle is Beautiful - 09 [1080p].mkv
2019-12-21 02:55:42 [HorribleSubs] Watashi, Nouryoku wa Heikinchi de tte Itta yo ne! - 11 [1080p].mkv
2019-12-22 01:18:16 [HorribleSubs] ZX - Code Reunion - 09 [1080p].mkv
2019-12-23 02:55:33 Tenka Hyakken Meiji-kan e Youkoso! - 09.mkv
2019-12-23 03:00:47 [Erai-raws] Kandagawa Jet Girls - 08 (Uncut) [1080p].mkv
2019-12-24 02:35:44 [Erai-raws] Kandagawa Jet Girls - 09 (Uncut) [1080p].mkv
2019-12-25 02:04:18 [HorribleSubs] Null Peta - 12 [1080p].mkv
2019-12-25 02:11:54 [HorribleSubs] Rifle is Beautiful - 10 [1080p].mkv
2019-12-26 02:44:40 [HorribleSubs] Watashi, Nouryoku wa Heikinchi de tte Itta yo ne! - 12 [1080p].mkv
2019-12-27 03:11:49 Tenka Hyakken Meiji-kan e Youkoso - 10.mkv
2019-12-27 03:15:56 [Erai-raws] Kandagawa Jet Girls - 10 (Uncut) [1080p].mkv
2019-12-28 02:41:04 [HorribleSubs] ZX - Code Reunion - 10 [1080p].mkv
2019-12-30 00:56:17 [Erai-raws] Kandagawa Jet Girls - 11 (Uncut) [1080p].mkv
2020-01-03 01:07:57 Tenka Hyakken Meiji-kan e Youkoso! - 11.mkv
2020-01-03 01:14:05 [HorribleSubs] Houkago Saikoro Club - 12 [1080p].mkv
2020-01-08 01:16:47 [HorribleSubs] Rifle is Beautiful - 11 [1080p].mkv
2020-01-09 01:08:12 [HorribleSubs] Magia Record - 01 [1080p].mkv
2020-01-10 01:17:59 Tenka Hyakken Meiji-kan e Youkoso! - 12.mkv
2020-01-10 01:23:24 [Erai-raws] Kandagawa Jet Girls - 12 (Uncut) END [1080p].mkv
2020-01-11 02:38:09 [HorribleSubs] ZX - Code Reunion - 11 [1080p].mkv
